// Jest Snapshot v1, https://goo.gl/fbAQLP

exports[`Seo renders correctly 1`] = `null`;
